
> luxe-fashion@0.1.0 build
> next build

   Ôû▓ Next.js 15.5.14

   Creating an optimized production build ...
 Ô£ô Compiled successfully in 2.8s
   Linting and checking validity of types ...
